Archive member included to satisfy reference by file (symbol)

e:/university/251/vxl-vdk/stm32/stm32cubeide_1.7.0/stm32cubeide/plugins/com.st.stm32cube.ide.mcu.externaltools.gnu-tools-for-stm32.9-2020-q2-update.win32_2.0.0.202105311346/tools/bin/../lib/gcc/arm-none-eabi/9.3.1/../../../../arm-none-eabi/lib/thumb/v7-m/nofp\libc_nano.a(lib_a-errno.o)
                              ./Core/Src/syscalls.o (__errno)
e:/university/251/vxl-vdk/stm32/stm32cubeide_1.7.0/stm32cubeide/plugins/com.st.stm32cube.ide.mcu.externaltools.gnu-tools-for-stm32.9-2020-q2-update.win32_2.0.0.202105311346/tools/bin/../lib/gcc/arm-none-eabi/9.3.1/../../../../arm-none-eabi/lib/thumb/v7-m/nofp\libc_nano.a(lib_a-exit.o)
                              e:/university/251/vxl-vdk/stm32/stm32cubeide_1.7.0/stm32cubeide/plugins/com.st.stm32cube.ide.mcu.externaltools.gnu-tools-for-stm32.9-2020-q2-update.win32_2.0.0.202105311346/tools/bin/../lib/gcc/arm-none-eabi/9.3.1/../../../../arm-none-eabi/lib/thumb/v7-m/nofp/crt0.o (exit)
e:/university/251/vxl-vdk/stm32/stm32cubeide_1.7.0/stm32cubeide/plugins/com.st.stm32cube.ide.mcu.externaltools.gnu-tools-for-stm32.9-2020-q2-update.win32_2.0.0.202105311346/tools/bin/../lib/gcc/arm-none-eabi/9.3.1/../../../../arm-none-eabi/lib/thumb/v7-m/nofp\libc_nano.a(lib_a-impure.o)
                              e:/university/251/vxl-vdk/stm32/stm32cubeide_1.7.0/stm32cubeide/plugins/com.st.stm32cube.ide.mcu.externaltools.gnu-tools-for-stm32.9-2020-q2-update.win32_2.0.0.202105311346/tools/bin/../lib/gcc/arm-none-eabi/9.3.1/../../../../arm-none-eabi/lib/thumb/v7-m/nofp\libc_nano.a(lib_a-exit.o) (_global_impure_ptr)
e:/university/251/vxl-vdk/stm32/stm32cubeide_1.7.0/stm32cubeide/plugins/com.st.stm32cube.ide.mcu.externaltools.gnu-tools-for-stm32.9-2020-q2-update.win32_2.0.0.202105311346/tools/bin/../lib/gcc/arm-none-eabi/9.3.1/../../../../arm-none-eabi/lib/thumb/v7-m/nofp\libc_nano.a(lib_a-init.o)
                              e:/university/251/vxl-vdk/stm32/stm32cubeide_1.7.0/stm32cubeide/plugins/com.st.stm32cube.ide.mcu.externaltools.gnu-tools-for-stm32.9-2020-q2-update.win32_2.0.0.202105311346/tools/bin/../lib/gcc/arm-none-eabi/9.3.1/../../../../arm-none-eabi/lib/thumb/v7-m/nofp/crt0.o (__libc_init_array)
e:/university/251/vxl-vdk/stm32/stm32cubeide_1.7.0/stm32cubeide/plugins/com.st.stm32cube.ide.mcu.externaltools.gnu-tools-for-stm32.9-2020-q2-update.win32_2.0.0.202105311346/tools/bin/../lib/gcc/arm-none-eabi/9.3.1/../../../../arm-none-eabi/lib/thumb/v7-m/nofp\libc_nano.a(lib_a-memset.o)
                              e:/university/251/vxl-vdk/stm32/stm32cubeide_1.7.0/stm32cubeide/plugins/com.st.stm32cube.ide.mcu.externaltools.gnu-tools-for-stm32.9-2020-q2-update.win32_2.0.0.202105311346/tools/bin/../lib/gcc/arm-none-eabi/9.3.1/../../../../arm-none-eabi/lib/thumb/v7-m/nofp/crt0.o (memset)

Allocating common symbols
Common symbol       size              file

yellow_main         0x4               ./Core/Src/traffic_light.o
SCH_tasks_G         0x320             ./Core/Src/scheduler.o
uwTick              0x4               ./Drivers/STM32F1xx_HAL_Driver/Src/stm32f1xx_hal.o
pFlash              0x20              ./Drivers/STM32F1xx_HAL_Driver/Src/stm32f1xx_hal_flash.o
green_main          0x4               ./Core/Src/traffic_light.o
htim2               0x48              ./Core/Src/main.o
red_main            0x4               ./Core/Src/traffic_light.o

Discarded input sections

 .text          0x0000000000000000        0x0 e:/university/251/vxl-vdk/stm32/stm32cubeide_1.7.0/stm32cubeide/plugins/com.st.stm32cube.ide.mcu.externaltools.gnu-tools-for-stm32.9-2020-q2-update.win32_2.0.0.202105311346/tools/bin/../lib/gcc/arm-none-eabi/9.3.1/thumb/v7-m/nofp/crti.o
 .data          0x0000000000000000        0x0 e:/university/251/vxl-vdk/stm32/stm32cubeide_1.7.0/stm32cubeide/plugins/com.st.stm32cube.ide.mcu.externaltools.gnu-tools-for-stm32.9-2020-q2-update.win32_2.0.0.202105311346/tools/bin/../lib/gcc/arm-none-eabi/9.3.1/thumb/v7-m/nofp/crti.o
 .bss           0x0000000000000000        0x0 e:/university/251/vxl-vdk/stm32/stm32cubeide_1.7.0/stm32cubeide/plugins/com.st.stm32cube.ide.mcu.externaltools.gnu-tools-for-stm32.9-2020-q2-update.win32_2.0.0.202105311346/tools/bin/../lib/gcc/arm-none-eabi/9.3.1/thumb/v7-m/nofp/crti.o
 .data          0x0000000000000000        0x4 e:/university/251/vxl-vdk/stm32/stm32cubeide_1.7.0/stm32cubeide/plugins/com.st.stm32cube.ide.mcu.externaltools.gnu-tools-for-stm32.9-2020-q2-update.win32_2.0.0.202105311346/tools/bin/../lib/gcc/arm-none-eabi/9.3.1/thumb/v7-m/nofp/crtbegin.o
 .text          0x0000000000000000       0x7c e:/university/251/vxl-vdk/stm32/stm32cubeide_1.7.0/stm32cubeide/plugins/com.st.stm32cube.ide.mcu.externaltools.gnu-tools-for-stm32.9-2020-q2-update.win32_2.0.0.202105311346/tools/bin/../lib/gcc/arm-none-eabi/9.3.1/../../../../arm-none-eabi/lib/thumb/v7-m/nofp/crt0.o
[...]
Memory Configuration

Name             Origin             Length             Attributes
RAM              0x0000000020000000 0x0000000000002800 xrw
FLASH            0x0000000008000000 0x0000000000008000 xr
*default*        0x0000000000000000 0xffffffffffffffff

Linker script and memory map

LOAD e:/university/251/vxl-vdk/stm32/stm32cubeide_1.7.0/stm32cubeide/plugins/com.st.stm32cube.ide.mcu.externaltools.gnu-tools-for-stm32.9-2020-q2-update.win32_2.0.0.202105311346/tools/bin/../lib/gcc/arm-none-eabi/9.3.1/thumb/v7-m/nofp/crti.o
LOAD e:/university/251/vxl-vdk/stm32/stm32cubeide_1.7.0/stm32cubeide/plugins/com.st.stm32cube.ide.mcu.externaltools.gnu-tools-for-stm32.9-2020-q2-update.win32_2.0.0.202105311346/tools/bin/../lib/gcc/arm-none-eabi/9.3.1/thumb/v7-m/nofp/crtbegin.o
LOAD e:/university/251/vxl-vdk/stm32/stm32cubeide_1.7.0/stm32cubeide/plugins/com.st.stm32cube.ide.mcu.externaltools.gnu-tools-for-stm32.9-2020-q2-update.win32_2.0.0.202105311346/tools/bin/../lib/gcc/arm-none-eabi/9.3.1/../../../../arm-none-eabi/lib/thumb/v7-m/nofp/crt0.o
LOAD ./Core/Src/button.o
LOAD ./Core/Src/global.o
LOAD ./Core/Src/main.o
LOAD ./Core/Src/scheduler.o
LOAD ./Core/Src/sevenseg.o
LOAD ./Core/Src/software_timer.o
LOAD ./Core/Src/stm32f1xx_hal_msp.o
LOAD ./Core/Src/stm32f1xx_it.o
LOAD ./Core/Src/syscalls.o
LOAD ./Core/Src/sysmem.o
LOAD ./Core/Src/system_stm32f1xx.o
LOAD ./Core/Src/traffic_config.o
LOAD ./Core/Src/traffic_light.o
LOAD ./Core/Startup/startup_stm32f103c6ux.o
LOAD ./Drivers/STM32F1xx_HAL_Driver/Src/stm32f1xx_hal.o
LOAD ./Drivers/STM32F1xx_HAL_Driver/Src/stm32f1xx_hal_cortex.o
LOAD ./Drivers/STM32F1xx_HAL_Driver/Src/stm32f1xx_hal_dma.o
LOAD ./Drivers/STM32F1xx_HAL_Driver/Src/stm32f1xx_hal_exti.o
LOAD ./Drivers/STM32F1xx_HAL_Driver/Src/stm32f1xx_hal_flash.o
LOAD ./Drivers/STM32F1xx_HAL_Driver/Src/stm32f1xx_hal_flash_ex.o
LOAD ./Drivers/STM32F1xx_HAL_Driver/Src/stm32f1xx_hal_gpio.o
LOAD ./Drivers/STM32F1xx_HAL_Driver/Src/stm32f1xx_hal_gpio_ex.o
LOAD ./Drivers/STM32F1xx_HAL_Driver/Src/stm32f1xx_hal_pwr.o
LOAD ./Drivers/STM32F1xx_HAL_Driver/Src/stm32f1xx_hal_rcc.o
LOAD ./Drivers/STM32F1xx_HAL_Driver/Src/stm32f1xx_hal_rcc_ex.o
LOAD ./Drivers/STM32F1xx_HAL_Driver/Src/stm32f1xx_hal_tim.o
LOAD ./Drivers/STM32F1xx_HAL_Driver/Src/stm32f1xx_hal_tim_ex.o
START GROUP
LOAD e:/university/251/vxl-vdk/stm32/stm32cubeide_1.7.0/stm32cubeide/plugins/com.st.stm32cube.ide.mcu.externaltools.gnu-tools-for-stm32.9-2020-q2-update.win32_2.0.0.202105311346/tools/bin/../lib/gcc/arm-none-eabi/9.3.1/../../../../arm-none-eabi/lib/thumb/v7-m/nofp\libc_nano.a
LOAD e:/university/251/vxl-vdk/stm32/stm32cubeide_1.7.0/stm32cubeide/plugins/com.st.stm32cube.ide.mcu.externaltools.gnu-tools-for-stm32.9-2020-q2-update.win32_2.0.0.202105311346/tools/bin/../lib/gcc/arm-none-eabi/9.3.1/../../../../arm-none-eabi/lib/thumb/v7-m/nofp\libm.a
END GROUP
START GROUP
LOAD e:/university/251/vxl-vdk/stm32/stm32cubeide_1.7.0/stm32cubeide/plugins/com.st.stm32cube.ide.mcu.externaltools.gnu-tools-for-stm32.9-2020-q2-update.win32_2.0.0.202105311346/tools/bin/../lib/gcc/arm-none-eabi/9.3.1/thumb/v7-m/nofp\libgcc.a
LOAD e:/university/251/vxl-vdk/stm32/stm32cubeide_1.7.0/stm32cubeide/plugins/com.st.stm32cube.ide.mcu.externaltools.gnu-tools-for-stm32.9-2020-q2-update.win32_2.0.0.202105311346/tools/bin/../lib/gcc/arm-none-eabi/9.3.1/../../../../arm-none-eabi/lib/thumb/v7-m/nofp\libc_nano.a
END GROUP
START GROUP
LOAD e:/university/251/vxl-vdk/stm32/stm32cubeide_1.7.0/stm32cubeide/plugins/com.st.stm32cube.ide.mcu.externaltools.gnu-tools-for-stm32.9-2020-q2-update.win32_2.0.0.202105311346/tools/bin/../lib/gcc/arm-none-eabi/9.3.1/thumb/v7-m/nofp\libgcc.a
LOAD e:/university/251/vxl-vdk/stm32/stm32cubeide_1.7.0/stm32cubeide/plugins/com.st.stm32cube.ide.mcu.externaltools.gnu-tools-for-stm32.9-2020-q2-update.win32_2.0.0.202105311346/tools/bin/../lib/gcc/arm-none-eabi/9.3.1/../../../../arm-none-eabi/lib/thumb/v7-m/nofp\libc_nano.a
LOAD e:/university/251/vxl-vdk/stm32/stm32cubeide_1.7.0/stm32cubeide/plugins/com.st.stm32cube.ide.mcu.externaltools.gnu-tools-for-stm32.9-2020-q2-update.win32_2.0.0.202105311346/tools/bin/../lib/gcc/arm-none-eabi/9.3.1/../../../../arm-none-eabi/lib/thumb/v7-m/nofp\libnosys.a
END GROUP
START GROUP
LOAD e:/university/251/vxl-vdk/stm32/stm32cubeide_1.7.0/stm32cubeide/plugins/com.st.stm32cube.ide.mcu.externaltools.gnu-tools-for-stm32.9-2020-q2-update.win32_2.0.0.202105311346/tools/bin/../lib/gcc/arm-none-eabi/9.3.1/thumb/v7-m/nofp\libgcc.a
LOAD e:/university/251/vxl-vdk/stm32/stm32cubeide_1.7.0/stm32cubeide/plugins/com.st.stm32cube.ide.mcu.externaltools.gnu-tools-for-stm32.9-2020-q2-update.win32_2.0.0.202105311346/tools/bin/../lib/gcc/arm-none-eabi/9.3.1/../../../../arm-none-eabi/lib/thumb/v7-m/nofp\libc_nano.a
LOAD e:/university/251/vxl-vdk/stm32/stm32cubeide_1.7.0/stm32cubeide/plugins/com.st.stm32cube.ide.mcu.externaltools.gnu-tools-for-stm32.9-2020-q2-update.win32_2.0.0.202105311346/tools/bin/../lib/gcc/arm-none-eabi/9.3.1/../../../../arm-none-eabi/lib/thumb/v7-m/nofp\libnosys.a
END GROUP
LOAD e:/university/251/vxl-vdk/stm32/stm32cubeide_1.7.0/stm32cubeide/plugins/com.st.stm32cube.ide.mcu.externaltools.gnu-tools-for-stm32.9-2020-q2-update.win32_2.0.0.202105311346/tools/bin/../lib/gcc/arm-none-eabi/9.3.1/thumb/v7-m/nofp/crtend.o
LOAD e:/university/251/vxl-vdk/stm32/stm32cubeide_1.7.0/stm32cubeide/plugins/com.st.stm32cube.ide.mcu.externaltools.gnu-tools-for-stm32.9-2020-q2-update.win32_2.0.0.202105311346/tools/bin/../lib/gcc/arm-none-eabi/9.3.1/thumb/v7-m/nofp/crtn.o
                0x0000000020002800                _estack = (ORIGIN (RAM) + LENGTH (RAM))
                0x0000000000000200                _Min_Heap_Size = 0x200
                0x0000000000000400                _Min_Stack_Size = 0x400

.isr_vector     0x0000000008000000      0x10c
                0x0000000008000000                . = ALIGN (0x4)
 *(.isr_vector)
 .isr_vector    0x0000000008000000      0x10c ./Core/Startup/startup_stm32f103c6ux.o
                0x0000000008000000                g_pfnVectors
                0x000000000800010c                . = ALIGN (0x4)

.text           0x000000000800010c     0x389c
                0x000000000800010c                . = ALIGN (0x4)
 *(.text)
 .text          0x000000000800010c       0x40 e:/university/251/vxl-vdk/stm32/stm32cubeide_1.7.0/stm32cubeide/plugins/com.st.stm32cube.ide.mcu.externaltools.gnu-tools-for-stm32.9-2020-q2-update.win32_2.0.0.202105311346/tools/bin/../lib/gcc/arm-none-eabi/9.3.1/thumb/v7-m/nofp/crtbegin.o
 *(.text*)
 .text.isButton1Press
                0x000000000800014c       0x24 ./Core/Src/button.o
                0x000000000800014c                isButton1Press
 .text.isButton2Press
                0x0000000008000170       0x24 ./Core/Src/button.o
                0x0000000008000170                isButton2Press
 .text.isButton3Press
                0x0000000008000194       0x24 ./Core/Src/button.o
                0x0000000008000194                isButton3Press
 .text.subKeyProcess
                0x00000000080001b8       0x18 ./Core/Src/button.o
                0x00000000080001b8                subKeyProcess
 .text.subKeyProcess_2
                0x00000000080001d0       0x18 ./Core/Src/button.o
                0x00000000080001d0                subKeyProcess_2
 .text.subKeyProcess_3
                0x00000000080001e8       0x18 ./Core/Src/button.o
                0x00000000080001e8                subKeyProcess_3
 .text.getKeyInput
                0x0000000008000200       0x9c ./Core/Src/button.o
                0x0000000008000200                getKeyInput
 .text.getKeyInput_2
                0x000000000800029c       0x9c ./Core/Src/button.o
                0x000000000800029c                getKeyInput_2
 .text.getKeyInput_3
                0x0000000008000338       0x9c ./Core/Src/button.o
                0x0000000008000338                getKeyInput_3
 .text.system_run
                0x00000000080003d4       0x20 ./Core/Src/main.o
                0x00000000080003d4                system_run
 .text.main     0x00000000080003f4       0x78 ./Core/Src/main.o
                0x00000000080003f4                main
 .text.SystemClock_Config
                0x000000000800046c       0x76 ./Core/Src/main.o
                0x000000000800046c                SystemClock_Config
 *fill*         0x00000000080004e2        0x2 
 .text.MX_TIM2_Init
                0x00000000080004e4       0x98 ./Core/Src/main.o
 .text.MX_GPIO_Init
                0x000000000800057c       0xc8 ./Core/Src/main.o
 .text.HAL_TIM_PeriodElapsedCallback
                0x0000000008000644       0x1e ./Core/Src/main.o
                0x0000000008000644                HAL_TIM_PeriodElapsedCallback
 .text.Error_Handler
                0x0000000008000662        0xa ./Core/Src/main.o
                0x0000000008000662                Error_Handler
 .text.SCH_Delete_Task_at_Index
                0x000000000800066c      0x11c ./Core/Src/scheduler.o
 .text.SCH_Init
                0x0000000008000788       0x94 ./Core/Src/scheduler.o
                0x0000000008000788                SCH_Init
 .text.SCH_Add_Task
                0x000000000800081c      0x160 ./Core/Src/scheduler.o
                0x000000000800081c                SCH_Add_Task
 .text.SCH_Update
                0x000000000800097c       0x30 ./Core/Src/scheduler.o
                0x000000000800097c                SCH_Update
 .text.SCH_Dispatch_Tasks
                0x00000000080009ac       0x80 ./Core/Src/scheduler.o
                0x00000000080009ac                SCH_Dispatch_Tasks
 .text.displayDigit
                0x0000000008000a2c      0x364 ./Core/Src/sevenseg.o
                0x0000000008000a2c                displayDigit
 .text.setTimer1
                0x0000000008000d90       0x28 ./Core/Src/software_timer.o
                0x0000000008000d90                setTimer1
 .text.setTimer2
                0x0000000008000db8       0x28 ./Core/Src/software_timer.o
                0x0000000008000db8                setTimer2
 .text.setTimer3
                0x0000000008000de0       0x28 ./Core/Src/software_timer.o
                0x0000000008000de0                setTimer3
 .text.setTimer4
                0x0000000008000e08       0x28 ./Core/Src/software_timer.o
                0x0000000008000e08                setTimer4
 .text.setTimer5
                0x0000000008000e30       0x28 ./Core/Src/software_timer.o
                0x0000000008000e30                setTimer5
 .text.timerRun
                0x0000000008000e58      0x14c ./Core/Src/software_timer.o
                0x0000000008000e58                timerRun
 .text.HAL_MspInit
                0x0000000008000fa4       0x64 ./Core/Src/stm32f1xx_hal_msp.o
                0x0000000008000fa4                HAL_MspInit
 .text.HAL_TIM_Base_MspInit
                0x0000000008001008       0x48 ./Core/Src/stm32f1xx_hal_msp.o
                0x0000000008001008                HAL_TIM_Base_MspInit
 .text.NMI_Handler
                0x0000000008001050        0x6 ./Core/Src/stm32f1xx_it.o
                0x0000000008001050                NMI_Handler
 .text.HardFault_Handler
                0x0000000008001056        0x6 ./Core/Src/stm32f1xx_it.o
                0x0000000008001056                HardFault_Handler
 .text.MemManage_Handler
                0x000000000800105c        0x6 ./Core/Src/stm32f1xx_it.o
                0x000000000800105c                MemManage_Handler
 .text.BusFault_Handler
                0x0000000008001062        0x6 ./Core/Src/stm32f1xx_it.o
                0x0000000008001062                BusFault_Handler
 .text.UsageFault_Handler
                0x0000000008001068        0x6 ./Core/Src/stm32f1xx_it.o
                0x0000000008001068                UsageFault_Handler
 .text.SVC_Handler
                0x000000000800106e        0xc ./Core/Src/stm32f1xx_it.o
                0x000000000800106e                SVC_Handler
 .text.DebugMon_Handler
                0x000000000800107a        0xc ./Core/Src/stm32f1xx_it.o
                0x000000000800107a                DebugMon_Handler
 .text.PendSV_Handler
                0x0000000008001086        0xc ./Core/Src/stm32f1xx_it.o
                0x0000000008001086                PendSV_Handler
 .text.SysTick_Handler
                0x0000000008001092        0xc ./Core/Src/stm32f1xx_it.o
                0x0000000008001092                SysTick_Handler
 *fill*         0x000000000800109e        0x2 
 .text.TIM2_IRQHandler
                0x00000000080010a0       0x14 ./Core/Src/stm32f1xx_it.o
                0x00000000080010a0                TIM2_IRQHandler
 .text.SystemInit
                0x00000000080010b4        0xc ./Core/Src/system_stm32f1xx.o
                0x00000000080010b4                SystemInit
 .text.fsm_traffic_config
                0x00000000080010c0      0x618 ./Core/Src/traffic_config.o
                0x00000000080010c0                fsm_traffic_config
 .text.fsm_traffic_run
                0x00000000080016d8      0xc40 ./Core/Src/traffic_light.o
                0x00000000080016d8                fsm_traffic_run
 .text.Reset_Handler
                0x0000000008002318       0x48 ./Core/Startup/startup_stm32f103c6ux.o
                0x0000000008002318                Reset_Handler
 .text.Default_Handler
                0x0000000008002360        0x2 ./Core/Startup/startup_stm32f103c6ux.o
                0x0000000008002360                RTC_Alarm_IRQHandler
                0x0000000008002360                EXTI2_IRQHandler
                0x0000000008002360                TIM1_CC_IRQHandler
                0x0000000008002360                PVD_IRQHandler
                0x0000000008002360                EXTI3_IRQHandler
                0x0000000008002360                EXTI0_IRQHandler
                0x0000000008002360                ADC1_2_IRQHandler
                0x0000000008002360                SPI1_IRQHandler
                0x0000000008002360                TAMPER_IRQHandler
                0x0000000008002360                DMA1_Channel4_IRQHandler
                0x0000000008002360                RTC_IRQHandler
                0x0000000008002360                DMA1_Channel7_IRQHandler
                0x0000000008002360                CAN1_RX1_IRQHandler
                0x0000000008002360                I2C1_EV_IRQHandler
                0x0000000008002360                DMA1_Channel6_IRQHandler
                0x0000000008002360                TIM3_IRQHandler
                0x0000000008002360                RCC_IRQHandler
                0x0000000008002360                TIM1_TRG_COM_IRQHandler
                0x0000000008002360                DMA1_Channel1_IRQHandler
                0x0000000008002360                Default_Handler
                0x0000000008002360                EXTI15_10_IRQHandler
                0x0000000008002360                EXTI9_5_IRQHandler
                0x0000000008002360                DMA1_Channel5_IRQHandler
                0x0000000008002360                EXTI4_IRQHandler
                0x0000000008002360                USB_LP_CAN1_RX0_IRQHandler
                0x0000000008002360                USB_HP_CAN1_TX_IRQHandler
                0x0000000008002360                DMA1_Channel3_IRQHandler
                0x0000000008002360                TIM1_UP_IRQHandler
                0x0000000008002360                WWDG_IRQHandler
                0x0000000008002360                TIM1_BRK_IRQHandler
                0x0000000008002360                EXTI1_IRQHandler
                0x0000000008002360                USART2_IRQHandler
                0x0000000008002360                DMA1_Channel2_IRQHandler
                0x0000000008002360                CAN1_SCE_IRQHandler
                0x0000000008002360                FLASH_IRQHandler
                0x0000000008002360                USART1_IRQHandler
                0x0000000008002360                I2C1_ER_IRQHandler
                0x0000000008002360                USBWakeUp_IRQHandler
 *fill*         0x0000000008002362        0x2 
 .text.HAL_Init
                0x0000000008002364       0x2c ./Drivers/STM32F1xx_HAL_Driver/Src/stm32f1xx_hal.o
                0x0000000008002364                HAL_Init
 .text.HAL_InitTick
                0x0000000008002390       0x60 ./Drivers/STM32F1xx_HAL_Driver/Src/stm32f1xx_hal.o
                0x0000000008002390                HAL_InitTick
 .text.HAL_IncTick
                0x00000000080023f0       0x24 ./Drivers/STM32F1xx_HAL_Driver/Src/stm32f1xx_hal.o
                0x00000000080023f0                HAL_IncTick
 .text.HAL_GetTick
                0x0000000008002414       0x14 ./Drivers/STM32F1xx_HAL_Driver/Src/stm32f1xx_hal.o
                0x0000000008002414                HAL_GetTick
 .text.__NVIC_SetPriorityGrouping
                0x0000000008002428       0x48 ./Drivers/STM32F1xx_HAL_Driver/Src/stm32f1xx_hal_cortex.o
 .text.__NVIC_GetPriorityGrouping
                0x0000000008002470       0x1c ./Drivers/STM32F1xx_HAL_Driver/Src/stm32f1xx_hal_cortex.o
 .text.__NVIC_EnableIRQ
                0x000000000800248c       0x38 ./Drivers/STM32F1xx_HAL_Driver/Src/stm32f1xx_hal_cortex.o
 .text.__NVIC_SetPriority
                0x00000000080024c4       0x54 ./Drivers/STM32F1xx_HAL_Driver/Src/stm32f1xx_hal_cortex.o
 .text.NVIC_EncodePriority
                0x0000000008002518       0x64 ./Drivers/STM32F1xx_HAL_Driver/Src/stm32f1xx_hal_cortex.o
 .text.SysTick_Config
                0x000000000800257c       0x44 ./Drivers/STM32F1xx_HAL_Driver/Src/stm32f1xx_hal_cortex.o
 .text.HAL_NVIC_SetPriorityGrouping
                0x00000000080025c0       0x16 ./Drivers/STM32F1xx_HAL_Driver/Src/stm32f1xx_hal_cortex.o
                0x00000000080025c0                HAL_NVIC_SetPriorityGrouping
 .text.HAL_NVIC_SetPriority
                0x00000000080025d6       0x38 ./Drivers/STM32F1xx_HAL_Driver/Src/stm32f1xx_hal_cortex.o
                0x00000000080025d6                HAL_NVIC_SetPriority
 .text.HAL_NVIC_EnableIRQ
                0x000000000800260e       0x1c ./Drivers/STM32F1xx_HAL_Driver/Src/stm32f1xx_hal_cortex.o
                0x000000000800260e                HAL_NVIC_EnableIRQ
 .text.HAL_SYSTICK_Config
                0x000000000800262a       0x18 ./Drivers/STM32F1xx_HAL_Driver/Src/stm32f1xx_hal_cortex.o
                0x000000000800262a                HAL_SYSTICK_Config
 *fill*         0x0000000008002642        0x2 
 .text.HAL_GPIO_Init
                0x0000000008002644      0x2f4 ./Drivers/STM32F1xx_HAL_Driver/Src/stm32f1xx_hal_gpio.o
                0x0000000008002644                HAL_GPIO_Init
 .text.HAL_GPIO_ReadPin
                0x0000000008002938       0x2e ./Drivers/STM32F1xx_HAL_Driver/Src/stm32f1xx_hal_gpio.o
                0x0000000008002938                HAL_GPIO_ReadPin
 .text.HAL_GPIO_WritePin
                0x0000000008002966       0x30 ./Drivers/STM32F1xx_HAL_Driver/Src/stm32f1xx_hal_gpio.o
                0x0000000008002966                HAL_GPIO_WritePin
 .text.HAL_GPIO_TogglePin
                0x0000000008002996       0x32 ./Drivers/STM32F1xx_HAL_Driver/Src/stm32f1xx_hal_gpio.o
                0x0000000008002996                HAL_GPIO_TogglePin
 .text.HAL_RCC_OscConfig
                0x00000000080029c8      0x500 ./Drivers/STM32F1xx_HAL_Driver/Src/stm32f1xx_hal_rcc.o
                0x00000000080029c8                HAL_RCC_OscConfig
 .text.HAL_RCC_ClockConfig
                0x0000000008002ec8      0x1d4 ./Drivers/STM32F1xx_HAL_Driver/Src/stm32f1xx_hal_rcc.o
                0x0000000008002ec8                HAL_RCC_ClockConfig
 .text.HAL_RCC_GetSysClockFreq
                0x000000000800309c       0xa8 ./Drivers/STM32F1xx_HAL_Driver/Src/stm32f1xx_hal_rcc.o
                0x000000000800309c                HAL_RCC_GetSysClockFreq
 .text.RCC_Delay
                0x0000000008003144       0x3c ./Drivers/STM32F1xx_HAL_Driver/Src/stm32f1xx_hal_rcc.o
 .text.HAL_TIM_Base_Init
                0x0000000008003180       0x9e ./Drivers/STM32F1xx_HAL_Driver/Src/stm32f1xx_hal_tim.o
                0x0000000008003180                HAL_TIM_Base_Init
 *fill*         0x000000000800321e        0x2 
 .text.HAL_TIM_Base_Start_IT
                0x0000000008003220       0x98 ./Drivers/STM32F1xx_HAL_Driver/Src/stm32f1xx_hal_tim.o
                0x0000000008003220                HAL_TIM_Base_Start_IT
 .text.HAL_TIM_IRQHandler
                0x00000000080032b8      0x1e0 ./Drivers/STM32F1xx_HAL_Driver/Src/stm32f1xx_hal_tim.o
                0x00000000080032b8                HAL_TIM_IRQHandler
 .text.HAL_TIM_ConfigClockSource
                0x0000000008003498      0x18e ./Drivers/STM32F1xx_HAL_Driver/Src/stm32f1xx_hal_tim.o
                0x0000000008003498                HAL_TIM_ConfigClockSource
 .text.HAL_TIM_OC_DelayElapsedCallback
                0x0000000008003626       0x12 ./Drivers/STM32F1xx_HAL_Driver/Src/stm32f1xx_hal_tim.o
                0x0000000008003626                HAL_TIM_OC_DelayElapsedCallback
 .text.HAL_TIM_IC_CaptureCallback
                0x0000000008003638       0x12 ./Drivers/STM32F1xx_HAL_Driver/Src/stm32f1xx_hal_tim.o
                0x0000000008003638                HAL_TIM_IC_CaptureCallback
 .text.HAL_TIM_PWM_PulseFinishedCallback
                0x000000000800364a       0x12 ./Drivers/STM32F1xx_HAL_Driver/Src/stm32f1xx_hal_tim.o
                0x000000000800364a                HAL_TIM_PWM_PulseFinishedCallback
 .text.HAL_TIM_TriggerCallback
                0x000000000800365c       0x12 ./Drivers/STM32F1xx_HAL_Driver/Src/stm32f1xx_hal_tim.o
                0x000000000800365c                HAL_TIM_TriggerCallback
 *fill*         0x000000000800366e        0x2 
 .text.TIM_Base_SetConfig
                0x0000000008003670       0xc8 ./Drivers/STM32F1xx_HAL_Driver/Src/stm32f1xx_hal_tim.o
                0x0000000008003670                TIM_Base_SetConfig
 .text.TIM_TI1_ConfigInputStage
                0x0000000008003738       0x5c ./Drivers/STM32F1xx_HAL_Driver/Src/stm32f1xx_hal_tim.o
 .text.TIM_TI2_ConfigInputStage
                0x0000000008003794       0x5e ./Drivers/STM32F1xx_HAL_Driver/Src/stm32f1xx_hal_tim.o
 .text.TIM_ITRx_SetConfig
                0x00000000080037f2       0x34 ./Drivers/STM32F1xx_HAL_Driver/Src/stm32f1xx_hal_tim.o
 .text.TIM_ETR_SetConfig
                0x0000000008003826       0x3e ./Drivers/STM32F1xx_HAL_Driver/Src/stm32f1xx_hal_tim.o
                0x0000000008003826                TIM_ETR_SetConfig
 .text.HAL_TIMEx_MasterConfigSynchronization
                0x0000000008003864       0xb0 ./Drivers/STM32F1xx_HAL_Driver/Src/stm32f1xx_hal_tim_ex.o
                0x0000000008003864                HAL_TIMEx_MasterConfigSynchronization
 .text.HAL_TIMEx_CommutCallback
                0x0000000008003914       0x12 ./Drivers/STM32F1xx_HAL_Driver/Src/stm32f1xx_hal_tim_ex.o
                0x0000000008003914                HAL_TIMEx_CommutCallback
 .text.HAL_TIMEx_BreakCallback
                0x0000000008003926       0x12 ./Drivers/STM32F1xx_HAL_Driver/Src/stm32f1xx_hal_tim_ex.o
                0x0000000008003926                HAL_TIMEx_BreakCallback
 .text.__libc_init_array
                0x0000000008003938       0x48 e:/university/251/vxl-vdk/stm32/stm32cubeide_1.7.0/stm32cubeide/plugins/com.st.stm32cube.ide.mcu.externaltools.gnu-tools-for-stm32.9-2020-q2-update.win32_2.0.0.202105311346/tools/bin/../lib/gcc/arm-none-eabi/9.3.1/../../../../arm-none-eabi/lib/thumb/v7-m/nofp\libc_nano.a(lib_a-init.o)
                0x0000000008003938                __libc_init_array
 .text.memset   0x0000000008003980       0x10 e:/university/251/vxl-vdk/stm32/stm32cubeide_1.7.0/stm32cubeide/plugins/com.st.stm32cube.ide.mcu.externaltools.gnu-tools-for-stm32.9-2020-q2-update.win32_2.0.0.202105311346/tools/bin/../lib/gcc/arm-none-eabi/9.3.1/../../../../arm-none-eabi/lib/thumb/v7-m/nofp\libc_nano.a(lib_a-memset.o)
                0x0000000008003980                memset
 *(.glue_7)
 .glue_7        0x0000000008003990        0x0 linker stubs
 *(.glue_7t)
 .glue_7t       0x0000000008003990        0x0 linker stubs
 *(.eh_frame)
 .eh_frame      0x0000000008003990        0x0 e:/university/251/vxl-vdk/stm32/stm32cubeide_1.7.0/stm32cubeide/plugins/com.st.stm32cube.ide.mcu.externaltools.gnu-tools-for-stm32.9-2020-q2-update.win32_2.0.0.202105311346/tools/bin/../lib/gcc/arm-none-eabi/9.3.1/thumb/v7-m/nofp/crtbegin.o
 *(.init)
 .init          0x0000000008003990        0x4 e:/university/251/vxl-vdk/stm32/stm32cubeide_1.7.0/stm32cubeide/plugins/com.st.stm32cube.ide.mcu.externaltools.gnu-tools-for-stm32.9-2020-q2-update.win32_2.0.0.202105311346/tools/bin/../lib/gcc/arm-none-eabi/9.3.1/thumb/v7-m/nofp/crti.o
                0x0000000008003990                _init
 .init          0x0000000008003994        0x8 e:/university/251/vxl-vdk/stm32/stm32cubeide_1.7.0/stm32cubeide/plugins/com.st.stm32cube.ide.mcu.externaltools.gnu-tools-for-stm32.9-2020-q2-update.win32_2.0.0.202105311346/tools/bin/../lib/gcc/arm-none-eabi/9.3.1/thumb/v7-m/nofp/crtn.o
 *(.fini)
 .fini          0x000000000800399c        0x4 e:/university/251/vxl-vdk/stm32/stm32cubeide_1.7.0/stm32cubeide/plugins/com.st.stm32cube.ide.mcu.externaltools.gnu-tools-for-stm32.9-2020-q2-update.win32_2.0.0.202105311346/tools/bin/../lib/gcc/arm-none-eabi/9.3.1/thumb/v7-m/nofp/crti.o
                0x000000000800399c                _fini
 .fini          0x00000000080039a0        0x8 e:/university/251/vxl-vdk/stm32/stm32cubeide_1.7.0/stm32cubeide/plugins/com.st.stm32cube.ide.mcu.externaltools.gnu-tools-for-stm32.9-2020-q2-update.win32_2.0.0.202105311346/tools/bin/../lib/gcc/arm-none-eabi/9.3.1/thumb/v7-m/nofp/crtn.o
                0x00000000080039a8                . = ALIGN (0x4)
                0x00000000080039a8                _etext = .

.vfp11_veneer   0x00000000080039a8        0x0
 .vfp11_veneer  0x00000000080039a8        0x0 linker stubs

.v4_bx          0x00000000080039a8        0x0
 .v4_bx         0x00000000080039a8        0x0 linker stubs

.iplt           0x00000000080039a8        0x0
 .iplt          0x00000000080039a8        0x0 e:/university/251/vxl-vdk/stm32/stm32cubeide_1.7.0/stm32cubeide/plugins/com.st.stm32cube.ide.mcu.externaltools.gnu-tools-for-stm32.9-2020-q2-update.win32_2.0.0.202105311346/tools/bin/../lib/gcc/arm-none-eabi/9.3.1/thumb/v7-m/nofp/crtbegin.o

.rodata         0x00000000080039a8       0x24
                0x00000000080039a8                . = ALIGN (0x4)
 *(.rodata)
 *(.rodata*)
 .rodata.AHBPrescTable
                0x00000000080039a8       0x10 ./Core/Src/system_stm32f1xx.o
                0x00000000080039a8                AHBPrescTable
 .rodata.aPLLMULFactorTable.6032
                0x00000000080039b8       0x10 ./Drivers/STM32F1xx_HAL_Driver/Src/stm32f1xx_hal_rcc.o
 .rodata.aPredivFactorTable.6033
                0x00000000080039c8        0x2 ./Drivers/STM32F1xx_HAL_Driver/Src/stm32f1xx_hal_rcc.o
                0x00000000080039cc                . = ALIGN (0x4)
 *fill*         0x00000000080039ca        0x2 

.rel.dyn        0x00000000080039cc        0x0
 .rel.iplt      0x00000000080039cc        0x0 e:/university/251/vxl-vdk/stm32/stm32cubeide_1.7.0/stm32cubeide/plugins/com.st.stm32cube.ide.mcu.externaltools.gnu-tools-for-stm32.9-2020-q2-update.win32_2.0.0.202105311346/tools/bin/../lib/gcc/arm-none-eabi/9.3.1/thumb/v7-m/nofp/crtbegin.o

.ARM.extab      0x00000000080039cc        0x0
                0x00000000080039cc                . = ALIGN (0x4)
 *(.ARM.extab* .gnu.linkonce.armextab.*)
                0x00000000080039cc                . = ALIGN (0x4)

.ARM            0x00000000080039cc        0x0
                0x00000000080039cc                . = ALIGN (0x4)
                0x00000000080039cc                __exidx_start = .
 *(.ARM.exidx*)
                0x00000000080039cc                __exidx_end = .
                0x00000000080039cc                . = ALIGN (0x4)

.preinit_array  0x00000000080039cc        0x0
                0x00000000080039cc                . = ALIGN (0x4)
                0x00000000080039cc                PROVIDE (__preinit_array_start = .)
 *(.preinit_array*)
                0x00000000080039cc                PROVIDE (__preinit_array_end = .)
                0x00000000080039cc                . = ALIGN (0x4)

.init_array     0x00000000080039cc        0x4
                0x00000000080039cc                . = ALIGN (0x4)
                0x00000000080039cc                PROVIDE (__init_array_start = .)
 *(SORT_BY_NAME(.init_array.*))
 *(.init_array*)
 .init_array    0x00000000080039cc        0x4 e:/university/251/vxl-vdk/stm32/stm32cubeide_1.7.0/stm32cubeide/plugins/com.st.stm32cube.ide.mcu.externaltools.gnu-tools-for-stm32.9-2020-q2-update.win32_2.0.0.202105311346/tools/bin/../lib/gcc/arm-none-eabi/9.3.1/thumb/v7-m/nofp/crtbegin.o
                0x00000000080039d0                PROVIDE (__init_array_end = .)
                0x00000000080039d0                . = ALIGN (0x4)

.fini_array     0x00000000080039d0        0x4
                0x00000000080039d0                . = ALIGN (0x4)
                [!provide]                        PROVIDE (__fini_array_start = .)
 *(SORT_BY_NAME(.fini_array.*))
 *(.fini_array*)
 .fini_array    0x00000000080039d0        0x4 e:/university/251/vxl-vdk/stm32/stm32cubeide_1.7.0/stm32cubeide/plugins/com.st.stm32cube.ide.mcu.externaltools.gnu-tools-for-stm32.9-2020-q2-update.win32_2.0.0.202105311346/tools/bin/../lib/gcc/arm-none-eabi/9.3.1/thumb/v7-m/nofp/crtbegin.o
                [!provide]                        PROVIDE (__fini_array_end = .)
                0x00000000080039d4                . = ALIGN (0x4)
                0x00000000080039d4                _sidata = LOADADDR (.data)

.data           0x0000000020000000       0x54 load address 0x00000000080039d4
                0x0000000020000000                . = ALIGN (0x4)
                0x0000000020000000                _sdata = .
 *(.data)
 *(.data*)
 .data.KeyReg0  0x0000000020000000        0x4 ./Core/Src/button.o
                0x0000000020000000                KeyReg0
 .data.KeyReg1  0x0000000020000004        0x4 ./Core/Src/button.o
                0x0000000020000004                KeyReg1
 .data.KeyReg2  0x0000000020000008        0x4 ./Core/Src/button.o
                0x0000000020000008                KeyReg2
 .data.KeyReg3  0x000000002000000c        0x4 ./Core/Src/button.o
                0x000000002000000c                KeyReg3
 .data.KeyReg4  0x0000000020000010        0x4 ./Core/Src/button.o
                0x0000000020000010                KeyReg4
 .data.KeyReg5  0x0000000020000014        0x4 ./Core/Src/button.o
                0x0000000020000014                KeyReg5
 .data.KeyReg6  0x0000000020000018        0x4 ./Core/Src/button.o
                0x0000000020000018                KeyReg6
 .data.KeyReg7  0x000000002000001c        0x4 ./Core/Src/button.o
                0x000000002000001c                KeyReg7
 .data.KeyReg8  0x0000000020000020        0x4 ./Core/Src/button.o
                0x0000000020000020                KeyReg8
 .data.KeyReg9  0x0000000020000024        0x4 ./Core/Src/button.o
                0x0000000020000024                KeyReg9
 .data.KeyReg10
                0x0000000020000028        0x4 ./Core/Src/button.o
                0x0000000020000028                KeyReg10
 .data.KeyReg11
                0x000000002000002c        0x4 ./Core/Src/button.o
                0x000000002000002c                KeyReg11
 .data.TimerKeyPress
                0x0000000020000030        0x4 ./Core/Src/button.o
                0x0000000020000030                TimerKeyPress
 .data.TimerKeyPress_2
                0x0000000020000034        0x4 ./Core/Src/button.o
                0x0000000020000034                TimerKeyPress_2
 .data.TimerKeyPress_3
                0x0000000020000038        0x4 ./Core/Src/button.o
                0x0000000020000038                TimerKeyPress_3
 .data.green_dur
                0x000000002000003c        0x4 ./Core/Src/global.o
                0x000000002000003c                green_dur
 .data.yellow_dur
                0x0000000020000040        0x4 ./Core/Src/global.o
                0x0000000020000040                yellow_dur
 .data.red_dur  0x0000000020000044        0x4 ./Core/Src/global.o
                0x0000000020000044                red_dur
 .data.SystemCoreClock
                0x0000000020000048        0x4 ./Core/Src/system_stm32f1xx.o
                0x0000000020000048                SystemCoreClock
 .data.uwTickPrio
                0x000000002000004c        0x4 ./Drivers/STM32F1xx_HAL_Driver/Src/stm32f1xx_hal.o
                0x000000002000004c                uwTickPrio
 .data.uwTickFreq
                0x0000000020000050        0x1 ./Drivers/STM32F1xx_HAL_Driver/Src/stm32f1xx_hal.o
                0x0000000020000050                uwTickFreq
 *(.RamFunc)
 *(.RamFunc*)
                0x0000000020000054                . = ALIGN (0x4)
 *fill*         0x0000000020000051        0x3 
                0x0000000020000054                _edata = .

.igot.plt       0x0000000020000054        0x0 load address 0x0000000008003a28
 .igot.plt      0x0000000020000054        0x0 e:/university/251/vxl-vdk/stm32/stm32cubeide_1.7.0/stm32cubeide/plugins/com.st.stm32cube.ide.mcu.externaltools.gnu-tools-for-stm32.9-2020-q2-update.win32_2.0.0.202105311346/tools/bin/../lib/gcc/arm-none-eabi/9.3.1/thumb/v7-m/nofp/crtbegin.o
                0x0000000020000054                . = ALIGN (0x4)

.bss            0x0000000020000054      0x414 load address 0x0000000008003a28
                0x0000000020000054                _sbss = .
                0x0000000020000054                __bss_start__ = _sbss
 *(.bss)
 .bss           0x0000000020000054       0x1c e:/university/251/vxl-vdk/stm32/stm32cubeide_1.7.0/stm32cubeide/plugins/com.st.stm32cube.ide.mcu.externaltools.gnu-tools-for-stm32.9-2020-q2-update.win32_2.0.0.202105311346/tools/bin/../lib/gcc/arm-none-eabi/9.3.1/thumb/v7-m/nofp/crtbegin.o
 *(.bss*)
 .bss.button1_flag
                0x0000000020000070        0x4 ./Core/Src/button.o
                0x0000000020000070                button1_flag
 .bss.button2_flag
                0x0000000020000074        0x4 ./Core/Src/button.o
                0x0000000020000074                button2_flag
 .bss.button3_flag
                0x0000000020000078        0x4 ./Core/Src/button.o
                0x0000000020000078                button3_flag
 .bss.status    0x000000002000007c        0x4 ./Core/Src/global.o
                0x000000002000007c                status
 .bss.current_index_task
                0x0000000020000080        0x1 ./Core/Src/scheduler.o
                0x0000000020000080                current_index_task
 *fill*         0x0000000020000081        0x3 
 .bss.timer1_counter
                0x0000000020000084        0x4 ./Core/Src/software_timer.o
                0x0000000020000084                timer1_counter
 .bss.timer1_flag
                0x0000000020000088        0x4 ./Core/Src/software_timer.o
                0x0000000020000088                timer1_flag
 .bss.timer2_counter
                0x000000002000008c        0x4 ./Core/Src/software_timer.o
                0x000000002000008c                timer2_counter
 .bss.timer2_flag
                0x0000000020000090        0x4 ./Core/Src/software_timer.o
                0x0000000020000090                timer2_flag
 .bss.timer3_counter
                0x0000000020000094        0x4 ./Core/Src/software_timer.o
                0x0000000020000094                timer3_counter
 .bss.timer3_flag
                0x0000000020000098        0x4 ./Core/Src/software_timer.o
                0x0000000020000098                timer3_flag
 .bss.timer4_counter
                0x000000002000009c        0x4 ./Core/Src/software_timer.o
                0x000000002000009c                timer4_counter
 .bss.timer4_flag
                0x00000000200000a0        0x4 ./Core/Src/software_timer.o
                0x00000000200000a0                timer4_flag
 .bss.timer5_counter
                0x00000000200000a4        0x4 ./Core/Src/software_timer.o
                0x00000000200000a4                timer5_counter
 .bss.timer5_flag
                0x00000000200000a8        0x4 ./Core/Src/software_timer.o
                0x00000000200000a8                timer5_flag
 .bss.timer6_counter
                0x00000000200000ac        0x4 ./Core/Src/software_timer.o
                0x00000000200000ac                timer6_counter
 .bss.timer6_flag
                0x00000000200000b0        0x4 ./Core/Src/software_timer.o
                0x00000000200000b0                timer6_flag
 .bss.timer7_counter
                0x00000000200000b4        0x4 ./Core/Src/software_timer.o
                0x00000000200000b4                timer7_counter
 .bss.timer7_flag
                0x00000000200000b8        0x4 ./Core/Src/software_timer.o
                0x00000000200000b8                timer7_flag
 .bss.timer8_counter
                0x00000000200000bc        0x4 ./Core/Src/software_timer.o
                0x00000000200000bc                timer8_counter
 .bss.timer8_flag
                0x00000000200000c0        0x4 ./Core/Src/software_timer.o
                0x00000000200000c0                timer8_flag
 .bss.set_buff  0x00000000200000c4        0x4 ./Core/Src/traffic_config.o
                0x00000000200000c4                set_buff
 .bss.num_buffer
                0x00000000200000c8        0x4 ./Core/Src/traffic_config.o
                0x00000000200000c8                num_buffer
 .bss.red_set   0x00000000200000cc        0x4 ./Core/Src/traffic_config.o
                0x00000000200000cc                red_set
 .bss.gre_set   0x00000000200000d0        0x4 ./Core/Src/traffic_config.o
                0x00000000200000d0                gre_set
 .bss.yel_set   0x00000000200000d4        0x4 ./Core/Src/traffic_config.o
                0x00000000200000d4                yel_set
 .bss.display_index
                0x00000000200000d8        0x4 ./Core/Src/traffic_config.o
                0x00000000200000d8                display_index
 .bss.red_cross
                0x00000000200000dc        0x4 ./Core/Src/traffic_light.o
                0x00000000200000dc                red_cross
 .bss.yellow_cross
                0x00000000200000e0        0x4 ./Core/Src/traffic_light.o
                0x00000000200000e0                yellow_cross
 .bss.green_cross
                0x00000000200000e4        0x4 ./Core/Src/traffic_light.o
                0x00000000200000e4                green_cross
 .bss.ind       0x00000000200000e8        0x4 ./Core/Src/traffic_light.o
                0x00000000200000e8                ind
 .bss.num_buf   0x00000000200000ec        0x4 ./Core/Src/traffic_light.o
                0x00000000200000ec                num_buf
 *(COMMON)
 COMMON         0x00000000200000f0       0x48 ./Core/Src/main.o
                0x00000000200000f0                htim2
 COMMON         0x0000000020000138      0x320 ./Core/Src/scheduler.o
                0x0000000020000138                SCH_tasks_G
 COMMON         0x0000000020000458        0xc ./Core/Src/traffic_light.o
                0x0000000020000458                yellow_main
                0x000000002000045c                green_main
                0x0000000020000460                red_main
 COMMON         0x0000000020000464        0x4 ./Drivers/STM32F1xx_HAL_Driver/Src/stm32f1xx_hal.o
                0x0000000020000464                uwTick
                0x0000000020000468                . = ALIGN (0x4)
                0x0000000020000468                _ebss = .
                0x0000000020000468                __bss_end__ = _ebss

._user_heap_stack
                0x0000000020000468      0x600 load address 0x0000000008003a28
                0x0000000020000468                . = ALIGN (0x8)
                [!provide]                        PROVIDE (end = .)
                0x0000000020000468                PROVIDE (_end = .)
                0x0000000020000668                . = (. + _Min_Heap_Size)
 *fill*         0x0000000020000468      0x200 
                0x0000000020000a68                . = (. + _Min_Stack_Size)
 *fill*         0x0000000020000668      0x400 
                0x0000000020000a68                . = ALIGN (0x8)

/DISCARD/
 libc.a(*)
 libm.a(*)
 libgcc.a(*)

.ARM.attributes
                0x0000000000000000       0x29
 *(.ARM.attributes)
 .ARM.attributes
                0x0000000000000000       0x1d e:/university/251/vxl-vdk/stm32/stm32cubeide_1.7.0/stm32cubeide/plugins/com.st.stm32cube.ide.mcu.externaltools.gnu-tools-for-stm32.9-2020-q2-update.win32_2.0.0.202105311346/tools/bin/../lib/gcc/arm-none-eabi/9.3.1/thumb/v7-m/nofp/crti.o
 .ARM.attributes
                0x000000000000001d       0x2d e:/university/251/vxl-vdk/stm32/stm32cubeide_1.7.0/stm32cubeide/plugins/com.st.stm32cube.ide.mcu.externaltools.gnu-tools-for-stm32.9-2020-q2-update.win32_2.0.0.202105311346/tools/bin/../lib/gcc/arm-none-eabi/9.3.1/thumb/v7-m/nofp/crtbegin.o
 .ARM.attributes
                0x000000000000004a       0x2d ./Core/Src/button.o
 .ARM.attributes
                0x0000000000000077       0x33 ./Core/Src/global.o
 .ARM.attributes
                0x00000000000000aa       0x2d ./Core/Src/main.o
 .ARM.attributes
                0x00000000000000d7       0x2d ./Core/Src/scheduler.o
 .ARM.attributes
                0x0000000000000104       0x2d ./Core/Src/sevenseg.o
 .ARM.attributes
                0x0000000000000131       0x2d ./Core/Src/software_timer.o
 .ARM.attributes
                0x000000000000015e       0x2d ./Core/Src/stm32f1xx_hal_msp.o
 .ARM.attributes
                0x000000000000018b       0x2d ./Core/Src/stm32f1xx_it.o
 .ARM.attributes
                0x00000000000001b8       0x2d ./Core/Src/system_stm32f1xx.o
 .ARM.attributes
                0x00000000000001e5       0x2d ./Core/Src/traffic_config.o
 .ARM.attributes
                0x0000000000000212       0x2d ./Core/Src/traffic_light.o
 .ARM.attributes
                0x000000000000023f       0x21 ./Core/Startup/startup_stm32f103c6ux.o
 .ARM.attributes
                0x0000000000000260       0x2d ./Drivers/STM32F1xx_HAL_Driver/Src/stm32f1xx_hal.o
 .ARM.attributes
                0x000000000000028d       0x2d ./Drivers/STM32F1xx_HAL_Driver/Src/stm32f1xx_hal_cortex.o
 .ARM.attributes
                0x00000000000002ba       0x2d ./Drivers/STM32F1xx_HAL_Driver/Src/stm32f1xx_hal_gpio.o
 .ARM.attributes
                0x00000000000002e7       0x2d ./Drivers/STM32F1xx_HAL_Driver/Src/stm32f1xx_hal_rcc.o
 .ARM.attributes
                0x0000000000000314       0x2d ./Drivers/STM32F1xx_HAL_Driver/Src/stm32f1xx_hal_tim.o
 .ARM.attributes
                0x0000000000000341       0x2d ./Drivers/STM32F1xx_HAL_Driver/Src/stm32f1xx_hal_tim_ex.o
 .ARM.attributes
                0x000000000000036e       0x2d e:/university/251/vxl-vdk/stm32/stm32cubeide_1.7.0/stm32cubeide/plugins/com.st.stm32cube.ide.mcu.externaltools.gnu-tools-for-stm32.9-2020-q2-update.win32_2.0.0.202105311346/tools/bin/../lib/gcc/arm-none-eabi/9.3.1/../../../../arm-none-eabi/lib/thumb/v7-m/nofp\libc_nano.a(lib_a-init.o)
 .ARM.attributes
                0x000000000000039b       0x2d e:/university/251/vxl-vdk/stm32/stm32cubeide_1.7.0/stm32cubeide/plugins/com.st.stm32cube.ide.mcu.externaltools.gnu-tools-for-stm32.9-2020-q2-update.win32_2.0.0.202105311346/tools/bin/../lib/gcc/arm-none-eabi/9.3.1/../../../../arm-none-eabi/lib/thumb/v7-m/nofp\libc_nano.a(lib_a-memset.o)
 .ARM.attributes
                0x00000000000003c8       0x1d e:/university/251/vxl-vdk/stm32/stm32cubeide_1.7.0/stm32cubeide/plugins/com.st.stm32cube.ide.mcu.externaltools.gnu-tools-for-stm32.9-2020-q2-update.win32_2.0.0.202105311346/tools/bin/../lib/gcc/arm-none-eabi/9.3.1/thumb/v7-m/nofp/crtn.o
OUTPUT(lab3_ex.elf elf32-littlearm)
LOAD linker stubs
LOAD e:/university/251/vxl-vdk/stm32/stm32cubeide_1.7.0/stm32cubeide/plugins/com.st.stm32cube.ide.mcu.externaltools.gnu-tools-for-stm32.9-2020-q2-update.win32_2.0.0.202105311346/tools/bin/../lib/gcc/arm-none-eabi/9.3.1/../../../../arm-none-eabi/lib/thumb/v7-m/nofp\libc.a
LOAD e:/university/251/vxl-vdk/stm32/stm32cubeide_1.7.0/stm32cubeide/plugins/com.st.stm32cube.ide.mcu.externaltools.gnu-tools-for-stm32.9-2020-q2-update.win32_2.0.0.202105311346/tools/bin/../lib/gcc/arm-none-eabi/9.3.1/../../../../arm-none-eabi/lib/thumb/v7-m/nofp\libm.a
LOAD e:/university/251/vxl-vdk/stm32/stm32cubeide_1.7.0/stm32cubeide/plugins/com.st.stm32cube.ide.mcu.externaltools.gnu-tools-for-stm32.9-2020-q2-update.win32_2.0.0.202105311346/tools/bin/../lib/gcc/arm-none-eabi/9.3.1/thumb/v7-m/nofp\libgcc.a

.debug_info     0x0000000000000000     0xa2dc
 .debug_info    0x0000000000000000      0x41f ./Core/Src/button.o
 .debug_info    0x000000000000041f      0x240 ./Core/Src/global.o
 .debug_info    0x000000000000065f      0xc38 ./Core/Src/main.o
 .debug_info    0x0000000000001297      0xb67 ./Core/Src/scheduler.o
 .debug_info    0x0000000000001dfe      0x24f ./Core/Src/sevenseg.o
 .debug_info    0x000000000000204d      0x2ce ./Core/Src/software_timer.o
 .debug_info    0x000000000000231b      0xa09 ./Core/Src/stm32f1xx_hal_msp.o
 .debug_info    0x0000000000002d24      0x7b9 ./Core/Src/stm32f1xx_it.o
 .debug_info    0x00000000000034dd      0x2be ./Core/Src/system_stm32f1xx.o
 .debug_info    0x000000000000379b      0x356 ./Core/Src/traffic_config.o
 .debug_info    0x0000000000003af1      0x37a ./Core/Src/traffic_light.o
 .debug_info    0x0000000000003e6b       0x22 ./Core/Startup/startup_stm32f103c6ux.o
 .debug_info    0x0000000000003e8d      0x74c ./Drivers/STM32F1xx_HAL_Driver/Src/stm32f1xx_hal.o
 .debug_info    0x00000000000045d9      0xbbe ./Drivers/STM32F1xx_HAL_Driver/Src/stm32f1xx_hal_cortex.o
 .debug_info    0x0000000000005197      0x701 ./Drivers/STM32F1xx_HAL_Driver/Src/stm32f1xx_hal_gpio.o
 .debug_info    0x0000000000005898      0x893 ./Drivers/STM32F1xx_HAL_Driver/Src/stm32f1xx_hal_rcc.o
 .debug_info    0x000000000000612b     0x2c32 ./Drivers/STM32F1xx_HAL_Driver/Src/stm32f1xx_hal_tim.o
 .debug_info    0x0000000000008d5d     0x157f ./Drivers/STM32F1xx_HAL_Driver/Src/stm32f1xx_hal_tim_ex.o

.debug_abbrev   0x0000000000000000     0x1d32
 .debug_abbrev  0x0000000000000000      0x13b ./Core/Src/button.o
 .debug_abbrev  0x000000000000013b       0xa9 ./Core/Src/global.o
 .debug_abbrev  0x00000000000001e4      0x262 ./Core/Src/main.o
 .debug_abbrev  0x0000000000000446      0x23d ./Core/Src/scheduler.o
 .debug_abbrev  0x0000000000000683      0x109 ./Core/Src/sevenseg.o
 .debug_abbrev  0x000000000000078c       0xc3 ./Core/Src/software_timer.o
 .debug_abbrev  0x000000000000084f      0x1b7 ./Core/Src/stm32f1xx_hal_msp.o
 .debug_abbrev  0x0000000000000a06      0x176 ./Core/Src/stm32f1xx_it.o
 .debug_abbrev  0x0000000000000b7c      0x14e ./Core/Src/system_stm32f1xx.o
 .debug_abbrev  0x0000000000000cca      0x112 ./Core/Src/traffic_config.o
 .debug_abbrev  0x0000000000000ddc      0x125 ./Core/Src/traffic_light.o
 .debug_abbrev  0x0000000000000f01       0x12 ./Core/Startup/startup_stm32f103c6ux.o
 .debug_abbrev  0x0000000000000f13      0x1ed ./Drivers/STM32F1xx_HAL_Driver/Src/stm32f1xx_hal.o
 .debug_abbrev  0x0000000000001100      0x313 ./Drivers/STM32F1xx_HAL_Driver/Src/stm32f1xx_hal_cortex.o
 .debug_abbrev  0x0000000000001413      0x1e8 ./Drivers/STM32F1xx_HAL_Driver/Src/stm32f1xx_hal_gpio.o
 .debug_abbrev  0x00000000000015fb      0x273 ./Drivers/STM32F1xx_HAL_Driver/Src/stm32f1xx_hal_rcc.o
 .debug_abbrev  0x000000000000186e      0x25e ./Drivers/STM32F1xx_HAL_Driver/Src/stm32f1xx_hal_tim.o
 .debug_abbrev  0x0000000000001acc      0x266 ./Drivers/STM32F1xx_HAL_Driver/Src/stm32f1xx_hal_tim_ex.o

.debug_aranges  0x0000000000000000      0xab8
 .debug_aranges
                0x0000000000000000       0x60 ./Core/Src/button.o
 .debug_aranges
                0x0000000000000060       0x18 ./Core/Src/global.o
 .debug_aranges
                0x0000000000000078       0x50 ./Core/Src/main.o
 .debug_aranges
                0x00000000000000c8       0x48 ./Core/Src/scheduler.o
 .debug_aranges
                0x0000000000000110       0x20 ./Core/Src/sevenseg.o
 .debug_aranges
                0x0000000000000130       0x60 ./Core/Src/software_timer.o
 .debug_aranges
                0x0000000000000190       0x30 ./Core/Src/stm32f1xx_hal_msp.o
 .debug_aranges
                0x00000000000001c0       0x68 ./Core/Src/stm32f1xx_it.o
 .debug_aranges
                0x0000000000000228       0x28 ./Core/Src/system_stm32f1xx.o
 .debug_aranges
                0x0000000000000250       0x20 ./Core/Src/traffic_config.o
 .debug_aranges
                0x0000000000000270       0x20 ./Core/Src/traffic_light.o
 .debug_aranges
                0x0000000000000290       0x28 ./Core/Startup/startup_stm32f103c6ux.o
 .debug_aranges
                0x00000000000002b8       0xe0 ./Drivers/STM32F1xx_HAL_Driver/Src/stm32f1xx_hal.o
 .debug_aranges
                0x0000000000000398      0x100 ./Drivers/STM32F1xx_HAL_Driver/Src/stm32f1xx_hal_cortex.o
 .debug_aranges
                0x0000000000000498       0x58 ./Drivers/STM32F1xx_HAL_Driver/Src/stm32f1xx_hal_gpio.o
 .debug_aranges
                0x00000000000004f0       0x90 ./Drivers/STM32F1xx_HAL_Driver/Src/stm32f1xx_hal_rcc.o
 .debug_aranges
                0x0000000000000580      0x3d0 ./Drivers/STM32F1xx_HAL_Driver/Src/stm32f1xx_hal_tim.o
 .debug_aranges
                0x0000000000000950      0x168 ./Drivers/STM32F1xx_HAL_Driver/Src/stm32f1xx_hal_tim_ex.o

.debug_ranges   0x0000000000000000      0x998
 .debug_ranges  0x0000000000000000       0x50 ./Core/Src/button.o
 .debug_ranges  0x0000000000000050       0x40 ./Core/Src/main.o
 .debug_ranges  0x0000000000000090       0x38 ./Core/Src/scheduler.o
 .debug_ranges  0x00000000000000c8       0x10 ./Core/Src/sevenseg.o
 .debug_ranges  0x00000000000000d8       0x50 ./Core/Src/software_timer.o
 .debug_ranges  0x0000000000000128       0x20 ./Core/Src/stm32f1xx_hal_msp.o
 .debug_ranges  0x0000000000000148       0x58 ./Core/Src/stm32f1xx_it.o
 .debug_ranges  0x00000000000001a0       0x18 ./Core/Src/system_stm32f1xx.o
 .debug_ranges  0x00000000000001b8       0x10 ./Core/Src/traffic_config.o
 .debug_ranges  0x00000000000001c8       0x10 ./Core/Src/traffic_light.o
 .debug_ranges  0x00000000000001d8       0x20 ./Core/Startup/startup_stm32f103c6ux.o
 .debug_ranges  0x00000000000001f8       0xd0 ./Drivers/STM32F1xx_HAL_Driver/Src/stm32f1xx_hal.o
 .debug_ranges  0x00000000000002c8       0xf0 ./Drivers/STM32F1xx_HAL_Driver/Src/stm32f1xx_hal_cortex.o
 .debug_ranges  0x00000000000003b8       0x48 ./Drivers/STM32F1xx_HAL_Driver/Src/stm32f1xx_hal_gpio.o
 .debug_ranges  0x0000000000000400       0x80 ./Drivers/STM32F1xx_HAL_Driver/Src/stm32f1xx_hal_rcc.o
 .debug_ranges  0x0000000000000480      0x3c0 ./Drivers/STM32F1xx_HAL_Driver/Src/stm32f1xx_hal_tim.o
 .debug_ranges  0x0000000000000840      0x158 ./Drivers/STM32F1xx_HAL_Driver/Src/stm32f1xx_hal_tim_ex.o

.debug_macro    0x0000000000000000    0x17a94
 .debug_macro   0x0000000000000000      0x1b5 ./Core/Src/button.o
 .debug_macro   0x00000000000001b5      0xa9c ./Core/Src/button.o
 .debug_macro   0x0000000000000c51      0x215 ./Core/Src/button.o
 .debug_macro   0x0000000000000e66       0x2e ./Core/Src/button.o
 .debug_macro   0x0000000000000e94       0x22 ./Core/Src/button.o
 .debug_macro   0x0000000000000eb6       0x22 ./Core/Src/button.o
 .debug_macro   0x0000000000000ed8       0x8e ./Core/Src/button.o
 .debug_macro   0x0000000000000f66       0x51 ./Core/Src/button.o
 .debug_macro   0x0000000000000fb7      0x103 ./Core/Src/button.o
 .debug_macro   0x00000000000010ba       0x6a ./Core/Src/button.o
 .debug_macro   0x0000000000001124      0x1df ./Core/Src/button.o
 .debug_macro   0x0000000000001303       0x1c ./Core/Src/button.o
 .debug_macro   0x000000000000131f       0x22 ./Core/Src/button.o
 .debug_macro   0x0000000000001341       0xc3 ./Core/Src/button.o
 .debug_macro   0x0000000000001404      0xd23 ./Core/Src/button.o
 .debug_macro   0x0000000000002127     0xde75 ./Core/Src/button.o
 .debug_macro   0x000000000000ff9c       0x6d ./Core/Src/button.o
 .debug_macro   0x0000000000010009     0x34a2 ./Core/Src/button.o
 .debug_macro   0x00000000000134ab      0x174 ./Core/Src/button.o
 .debug_macro   0x000000000001361f       0x5c ./Core/Src/button.o
 .debug_macro   0x000000000001367b      0x5bc ./Core/Src/button.o
 .debug_macro   0x0000000000013c37      0x1b7 ./Core/Src/button.o
 .debug_macro   0x0000000000013dee      0x1cb ./Core/Src/button.o
 .debug_macro   0x0000000000013fb9      0x114 ./Core/Src/button.o
 .debug_macro   0x00000000000140cd      0x1b2 ./Core/Src/button.o
 .debug_macro   0x000000000001427f       0x27 ./Core/Src/button.o
 .debug_macro   0x00000000000142a6      0x12f ./Core/Src/button.o
 .debug_macro   0x00000000000143d5      0x1bc ./Core/Src/button.o
 .debug_macro   0x0000000000014591       0x34 ./Core/Src/button.o
 .debug_macro   0x00000000000145c5       0x3c ./Core/Src/button.o
 .debug_macro   0x0000000000014601       0x57 ./Core/Src/button.o
 .debug_macro   0x0000000000014658       0x87 ./Core/Src/button.o
 .debug_macro   0x00000000000146df      0x183 ./Core/Src/button.o
 .debug_macro   0x0000000000014862      0x140 ./Core/Src/button.o
 .debug_macro   0x00000000000149a2      0x8ed ./Core/Src/button.o
 .debug_macro   0x000000000001528f       0x69 ./Core/Src/button.o
 .debug_macro   0x00000000000152f8       0xf4 ./Core/Src/button.o
 .debug_macro   0x00000000000153ec       0x10 ./Core/Src/button.o
 .debug_macro   0x00000000000153fc      0x1d8 ./Core/Src/global.o
 .debug_macro   0x00000000000155d4       0x3a ./Core/Src/global.o
 .debug_macro   0x000000000001560e      0x205 ./Core/Src/main.o
 .debug_macro   0x0000000000015813       0x10 ./Core/Src/main.o
 .debug_macro   0x0000000000015823      0x1d7 ./Core/Src/scheduler.o
 .debug_macro   0x00000000000159fa       0x52 ./Core/Src/scheduler.o
 .debug_macro   0x0000000000015a4c       0x18 ./Core/Src/scheduler.o
 .debug_macro   0x0000000000015a64       0x3c ./Core/Src/scheduler.o
 .debug_macro   0x0000000000015aa0       0x34 ./Core/Src/scheduler.o
 .debug_macro   0x0000000000015ad4       0x16 ./Core/Src/scheduler.o
 .debug_macro   0x0000000000015aea       0x97 ./Core/Src/scheduler.o
 .debug_macro   0x0000000000015b81      0x339 ./Core/Src/scheduler.o
 .debug_macro   0x0000000000015eba       0xfd ./Core/Src/scheduler.o
 .debug_macro   0x0000000000015fb7       0x10 ./Core/Src/scheduler.o
 .debug_macro   0x0000000000015fc7       0x16 ./Core/Src/scheduler.o
 .debug_macro   0x0000000000015fdd       0x43 ./Core/Src/scheduler.o
 .debug_macro   0x0000000000016020       0x34 ./Core/Src/scheduler.o
 .debug_macro   0x0000000000016054       0x10 ./Core/Src/scheduler.o
 .debug_macro   0x0000000000016064       0x58 ./Core/Src/scheduler.o
 .debug_macro   0x00000000000160bc       0x71 ./Core/Src/scheduler.o
 .debug_macro   0x000000000001612d       0x1c ./Core/Src/scheduler.o
 .debug_macro   0x0000000000016149      0x12a ./Core/Src/scheduler.o
 .debug_macro   0x0000000000016273       0x10 ./Core/Src/scheduler.o
 .debug_macro   0x0000000000016283       0x1c ./Core/Src/scheduler.o
 .debug_macro   0x000000000001629f       0x52 ./Core/Src/scheduler.o
 .debug_macro   0x00000000000162f1       0x22 ./Core/Src/scheduler.o
 .debug_macro   0x0000000000016313       0x10 ./Core/Src/scheduler.o
 .debug_macro   0x0000000000016323       0x40 ./Core/Src/scheduler.o
 .debug_macro   0x0000000000016363       0xd5 ./Core/Src/scheduler.o
 .debug_macro   0x0000000000016438       0x1c ./Core/Src/scheduler.o
 .debug_macro   0x0000000000016454       0x3d ./Core/Src/scheduler.o
 .debug_macro   0x0000000000016491       0x16 ./Core/Src/scheduler.o
 .debug_macro   0x00000000000164a7      0x145 ./Core/Src/scheduler.o
 .debug_macro   0x00000000000165ec      0x1b0 ./Core/Src/sevenseg.o
 .debug_macro   0x000000000001679c       0x1b ./Core/Src/software_timer.o
 .debug_macro   0x00000000000167b7      0x1a6 ./Core/Src/stm32f1xx_hal_msp.o
 .debug_macro   0x000000000001695d      0x1b0 ./Core/Src/stm32f1xx_it.o
 .debug_macro   0x0000000000016b0d      0x197 ./Core/Src/system_stm32f1xx.o
 .debug_macro   0x0000000000016ca4      0x1e2 ./Core/Src/traffic_config.o
 .debug_macro   0x0000000000016e86      0x1e2 ./Core/Src/traffic_light.o
 .debug_macro   0x0000000000017068      0x1bb ./Drivers/STM32F1xx_HAL_Driver/Src/stm32f1xx_hal.o
 .debug_macro   0x0000000000017223      0x197 ./Drivers/STM32F1xx_HAL_Driver/Src/stm32f1xx_hal_cortex.o
 .debug_macro   0x00000000000173ba      0x202 ./Drivers/STM32F1xx_HAL_Driver/Src/stm32f1xx_hal_gpio.o
 .debug_macro   0x00000000000175bc      0x1a9 ./Drivers/STM32F1xx_HAL_Driver/Src/stm32f1xx_hal_rcc.o
 .debug_macro   0x0000000000017765      0x198 ./Drivers/STM32F1xx_HAL_Driver/Src/stm32f1xx_hal_tim.o
 .debug_macro   0x00000000000178fd      0x197 ./Drivers/STM32F1xx_HAL_Driver/Src/stm32f1xx_hal_tim_ex.o

.debug_line     0x0000000000000000     0xe346
 .debug_line    0x0000000000000000      0x9c9 ./Core/Src/button.o
 .debug_line    0x00000000000009c9      0x839 ./Core/Src/global.o
 .debug_line    0x0000000000001202      0x9db ./Core/Src/main.o
 .debug_line    0x0000000000001bdd      0xa29 ./Core/Src/scheduler.o
 .debug_line    0x0000000000002606      0x87e ./Core/Src/sevenseg.o
 .debug_line    0x0000000000002e84      0x1d1 ./Core/Src/software_timer.o
 .debug_line    0x0000000000003055      0x85f ./Core/Src/stm32f1xx_hal_msp.o
 .debug_line    0x00000000000038b4      0x8fd ./Core/Src/stm32f1xx_it.o
 .debug_line    0x00000000000041b1      0x8a1 ./Core/Src/system_stm32f1xx.o
 .debug_line    0x0000000000004a52      0xa06 ./Core/Src/traffic_config.o
 .debug_line    0x0000000000005458      0xdb6 ./Core/Src/traffic_light.o
 .debug_line    0x000000000000620e       0x86 ./Core/Startup/startup_stm32f103c6ux.o
 .debug_line    0x0000000000006294      0xace ./Drivers/STM32F1xx_HAL_Driver/Src/stm32f1xx_hal.o
 .debug_line    0x0000000000006d62      0xcb6 ./Drivers/STM32F1xx_HAL_Driver/Src/stm32f1xx_hal_cortex.o
 .debug_line    0x0000000000007a18      0xb51 ./Drivers/STM32F1xx_HAL_Driver/Src/stm32f1xx_hal_gpio.o
 .debug_line    0x0000000000008569      0xeda ./Drivers/STM32F1xx_HAL_Driver/Src/stm32f1xx_hal_rcc.o
 .debug_line    0x0000000000009443     0x351f ./Drivers/STM32F1xx_HAL_Driver/Src/stm32f1xx_hal_tim.o
 .debug_line    0x000000000000c962     0x19e4 ./Drivers/STM32F1xx_HAL_Driver/Src/stm32f1xx_hal_tim_ex.o

.debug_str      0x0000000000000000    0x86681
 .debug_str     0x0000000000000000    0x7f89f ./Core/Src/button.o
                                      0x7fc03 (size before relaxing)
 .debug_str     0x000000000007f89f      0x122 ./Core/Src/global.o
                                      0x7fb9d (size before relaxing)
 .debug_str     0x000000000007f9c1      0x730 ./Core/Src/main.o
                                      0x803bb (size before relaxing)
 .debug_str     0x00000000000800f1     0x4142 ./Core/Src/scheduler.o
                                       0x81e6 (size before relaxing)
 .debug_str     0x0000000000084233       0x24 ./Core/Src/sevenseg.o
                                      0x7faa3 (size before relaxing)
 .debug_str     0x0000000000084257       0xf7 ./Core/Src/software_timer.o
                                       0x2ed1 (size before relaxing)
 .debug_str     0x000000000008434e      0x2ba ./Core/Src/stm32f1xx_hal_msp.o
                                      0x8024c (size before relaxing)
 .debug_str     0x0000000000084608       0xcd ./Core/Src/stm32f1xx_it.o
                                      0x7ffae (size before relaxing)
 .debug_str     0x00000000000846d5       0x52 ./Core/Src/system_stm32f1xx.o
                                      0x7f782 (size before relaxing)
 .debug_str     0x0000000000084727       0x6a ./Core/Src/traffic_config.o
                                      0x7fc58 (size before relaxing)
 .debug_str     0x0000000000084791       0x77 ./Core/Src/traffic_light.o
                                      0x7fc62 (size before relaxing)
 .debug_str     0x0000000000084808       0x36 ./Core/Startup/startup_stm32f103c6ux.o
                                         0x76 (size before relaxing)
 .debug_str     0x000000000008483e      0x304 ./Drivers/STM32F1xx_HAL_Driver/Src/stm32f1xx_hal.o
                                      0x7fdd9 (size before relaxing)
 .debug_str     0x0000000000084b42      0x300 ./Drivers/STM32F1xx_HAL_Driver/Src/stm32f1xx_hal_cortex.o
                                      0x7fde1 (size before relaxing)
 .debug_str     0x0000000000084e42      0x324 ./Drivers/STM32F1xx_HAL_Driver/Src/stm32f1xx_hal_gpio.o
                                      0x7fb46 (size before relaxing)
 .debug_str     0x0000000000085166      0x24f ./Drivers/STM32F1xx_HAL_Driver/Src/stm32f1xx_hal_rcc.o
                                      0x7fb7f (size before relaxing)
 .debug_str     0x00000000000853b5      0xdde ./Drivers/STM32F1xx_HAL_Driver/Src/stm32f1xx_hal_tim.o
                                      0x80b68 (size before relaxing)
 .debug_str     0x0000000000086193      0x4ee ./Drivers/STM32F1xx_HAL_Driver/Src/stm32f1xx_hal_tim_ex.o
                                      0x80309 (size before relaxing)

.comment        0x0000000000000000       0x53
 .comment       0x0000000000000000       0x53 ./Core/Src/button.o
                                         0x54 (size before relaxing)
 .comment       0x0000000000000053       0x54 ./Core/Src/global.o
 .comment       0x0000000000000053       0x54 ./Core/Src/main.o
 .comment       0x0000000000000053       0x54 ./Core/Src/scheduler.o
 .comment       0x0000000000000053       0x54 ./Core/Src/sevenseg.o
 .comment       0x0000000000000053       0x54 ./Core/Src/software_timer.o
 .comment       0x0000000000000053       0x54 ./Core/Src/stm32f1xx_hal_msp.o
 .comment       0x0000000000000053       0x54 ./Core/Src/stm32f1xx_it.o
 .comment       0x0000000000000053       0x54 ./Core/Src/system_stm32f1xx.o
 .comment       0x0000000000000053       0x54 ./Core/Src/traffic_config.o
 .comment       0x0000000000000053       0x54 ./Core/Src/traffic_light.o
 .comment       0x0000000000000053       0x54 ./Drivers/STM32F1xx_HAL_Driver/Src/stm32f1xx_hal.o
 .comment       0x0000000000000053       0x54 ./Drivers/STM32F1xx_HAL_Driver/Src/stm32f1xx_hal_cortex.o
 .comment       0x0000000000000053       0x54 ./Drivers/STM32F1xx_HAL_Driver/Src/stm32f1xx_hal_gpio.o
 .comment       0x0000000000000053       0x54 ./Drivers/STM32F1xx_HAL_Driver/Src/stm32f1xx_hal_rcc.o
 .comment       0x0000000000000053       0x54 ./Drivers/STM32F1xx_HAL_Driver/Src/stm32f1xx_hal_tim.o
 .comment       0x0000000000000053       0x54 ./Drivers/STM32F1xx_HAL_Driver/Src/stm32f1xx_hal_tim_ex.o

.debug_frame    0x0000000000000000     0x29fc
 .debug_frame   0x0000000000000000      0x124 ./Core/Src/button.o
 .debug_frame   0x0000000000000124       0xf0 ./Core/Src/main.o
 .debug_frame   0x0000000000000214       0xf8 ./Core/Src/scheduler.o
 .debug_frame   0x000000000000030c       0x38 ./Core/Src/sevenseg.o
 .debug_frame   0x0000000000000344      0x170 ./Core/Src/software_timer.o
 .debug_frame   0x00000000000004b4       0x80 ./Core/Src/stm32f1xx_hal_msp.o
 .debug_frame   0x0000000000000534      0x120 ./Core/Src/stm32f1xx_it.o
 .debug_frame   0x0000000000000654       0x58 ./Core/Src/system_stm32f1xx.o
 .debug_frame   0x00000000000006ac       0x2c ./Core/Src/traffic_config.o
 .debug_frame   0x00000000000006d8       0x2c ./Core/Src/traffic_light.o
 .debug_frame   0x0000000000000704      0x334 ./Drivers/STM32F1xx_HAL_Driver/Src/stm32f1xx_hal.o
 .debug_frame   0x0000000000000a38      0x428 ./Drivers/STM32F1xx_HAL_Driver/Src/stm32f1xx_hal_cortex.o
 .debug_frame   0x0000000000000e60      0x14c ./Drivers/STM32F1xx_HAL_Driver/Src/stm32f1xx_hal_gpio.o
 .debug_frame   0x0000000000000fac      0x218 ./Drivers/STM32F1xx_HAL_Driver/Src/stm32f1xx_hal_rcc.o
 .debug_frame   0x00000000000011c4     0x11b4 ./Drivers/STM32F1xx_HAL_Driver/Src/stm32f1xx_hal_tim.o
 .debug_frame   0x0000000000002378      0x638 ./Drivers/STM32F1xx_HAL_Driver/Src/stm32f1xx_hal_tim_ex.o
 .debug_frame   0x00000000000029b0       0x2c e:/university/251/vxl-vdk/stm32/stm32cubeide_1.7.0/stm32cubeide/plugins/com.st.stm32cube.ide.mcu.externaltools.gnu-tools-for-stm32.9-2020-q2-update.win32_2.0.0.202105311346/tools/bin/../lib/gcc/arm-none-eabi/9.3.1/../../../../arm-none-eabi/lib/thumb/v7-m/nofp\libc_nano.a(lib_a-init.o)
 .debug_frame   0x00000000000029dc       0x20 e:/university/251/vxl-vdk/stm32/stm32cubeide_1.7.0/stm32cubeide/plugins/com.st.stm32cube.ide.mcu.externaltools.gnu-tools-for-stm32.9-2020-q2-update.win32_2.0.0.202105311346/tools/bin/../lib/gcc/arm-none-eabi/9.3.1/../../../../arm-none-eabi/lib/thumb/v7-m/nofp\libc_nano.a(lib_a-memset.o)
