08:17:04 **** Incremental Build of configuration Debug for project lab3_ex ****
make -j16 all 
arm-none-eabi-gcc "../Core/Src/main.c" -mcpu=cortex-m3 -std=gnu11 -g3 -DDEBUG -DUSE_HAL_DRIVER -DSTM32F103x6 -c -I../Core/Inc -I../Drivers/STM32F1xx_HAL_Driver/Inc -I../Drivers/STM32F1xx_HAL_Driver/Inc/Legacy -I../Drivers/CMSIS/Device/ST/STM32F1xx/Include -I../Drivers/CMSIS/Include -O0 -ffunction-sections -fdata-sections -Wall -fstack-usage -MMD -MP -MF"Core/Src/main.d" -MT"Core/Src/main.o" --specs=nano.specs -mfloat-abi=soft -mthumb -o "Core/Src/main.o"
arm-none-eabi-gcc -o "lab3_ex.elf" @"objects.list"   -mcpu=cortex-m3 -T"E:\UNIVERSITY\251\VXL-VDK\Lab\Lab_workplace\Lab_3\lab3_ex\STM32F103C6UX_FLASH.ld" --specs=nosys.specs -Wl,-Map="lab3_ex.map" -Wl,--gc-sections -static --specs=nano.specs -mfloat-abi=soft -mthumb -Wl,--start-group -lc -lm -Wl,--end-group
Finished building target: lab3_ex.elf
 
arm-none-eabi-size   lab3_ex.elf 
arm-none-eabi-objdump -h -S  lab3_ex.elf  > "lab3_ex.list"
arm-none-eabi-objcopy  -O ihex  lab3_ex.elf  "lab3_ex.hex"
   text	   data	    bss	    dec	    hex	filename
  14796	     92	   2580	  17468	   443c	lab3_ex.elf
arm-none-eabi-objcopy  -O binary  lab3_ex.elf  "lab3_ex.bin"
Finished building: default.size.stdout
 
Finished building: lab3_ex.hex
Finished building: lab3_ex.bin
 
Finished building: lab3_ex.list
 
 
